[htmldemo.net/sharma/sharma/index-3.html]
[backblue.gif]
[fade.gif]
[index.html]
[htmldemo.net/sharma/sharma/Replace_with_your_PAGE_URL]
[htmldemo.net/sharma/sharma/assets/images/favicon/favicon.png]
[htmldemo.net/sharma/sharma/assets/css/vendor/bootstrap.min.css]
[htmldemo.net/sharma/sharma/assets/css/vendor/ionicons.min.css]
[htmldemo.net/sharma/sharma/assets/css/vendor/linearicon.css]
[htmldemo.net/sharma/sharma/assets/css/vendor/font-awesome.min.css]
[htmldemo.net/sharma/sharma/assets/css/vendor/plaza-icon.css]
[htmldemo.net/sharma/sharma/assets/css/plugins/animate.css]
[htmldemo.net/sharma/sharma/assets/css/plugins/jquery-ui.min.css]
[htmldemo.net/sharma/sharma/assets/css/plugins/slick.css]
[htmldemo.net/sharma/sharma/assets/css/style.css]
[htmldemo.net/sharma/sharma/login.html]
[htmldemo.net/sharma/sharma/assets/images/flag/1.png]
[htmldemo.net/sharma/sharma/assets/images/flag/2.png]
[htmldemo.net/sharma/sharma/index.html]
[htmldemo.net/sharma/sharma/assets/images/logo/logo-footer.png]
[htmldemo.net/sharma/sharma/index-2.html]
[htmldemo.net/sharma/sharma/index-4.html]
[htmldemo.net/sharma/sharma/shop-3-column.html]
[htmldemo.net/sharma/sharma/shop-4-column.html]
[htmldemo.net/sharma/sharma/shop-right-sidebar.html]
[htmldemo.net/sharma/sharma/shop-left-sidebar.html]
[htmldemo.net/sharma/sharma/shop-list.html]
[htmldemo.net/sharma/sharma/shop-list-left-sidebar.html]
[htmldemo.net/sharma/sharma/shop-list-right-sidebar.html]
[htmldemo.net/sharma/sharma/single-product.html]
[htmldemo.net/sharma/sharma/single-product-variable.html]
[htmldemo.net/sharma/sharma/single-product-affiliate.html]
[htmldemo.net/sharma/sharma/single-product-group.html]
[htmldemo.net/sharma/sharma/single-product-tabstyle-2.html]
[htmldemo.net/sharma/sharma/single-product-slider.html]
[htmldemo.net/sharma/sharma/single-product-gallery-left.html]
[htmldemo.net/sharma/sharma/single-product-tabstyle-3.html]
[htmldemo.net/sharma/sharma/single-product-gallery-right.html]
[htmldemo.net/sharma/sharma/single-product-sticky-left.html]
[htmldemo.net/sharma/sharma/assets/images/menu-image/banner-menu2.jpg]
[htmldemo.net/sharma/sharma/single-product-sticky-right.html]
[htmldemo.net/sharma/sharma/cart.html]
[htmldemo.net/sharma/sharma/about.html]
[htmldemo.net/sharma/sharma/checkout.html]
[htmldemo.net/sharma/sharma/compare.html]
[htmldemo.net/sharma/sharma/empty-cart.html]
[htmldemo.net/sharma/sharma/my-account.html]
[htmldemo.net/sharma/sharma/404.html]
[htmldemo.net/sharma/sharma/privacy-policy.html]
[htmldemo.net/sharma/sharma/faq.html]
[htmldemo.net/sharma/sharma/coming-soon.html]
[htmldemo.net/sharma/sharma/wishlist.html]
[htmldemo.net/sharma/sharma/blog-grid-left-sidebar.html]
[htmldemo.net/sharma/sharma/blog-grid-right-sidebar.html]
[htmldemo.net/sharma/sharma/blog-list-left-sidebar.html]
[htmldemo.net/sharma/sharma/blog-list-right-sidebar.html]
[htmldemo.net/sharma/sharma/blog-single-left-sidebar.html]
[htmldemo.net/sharma/sharma/contact.html]
[htmldemo.net/sharma/sharma/blog-single-right-sidebar.html]
[htmldemo.net/sharma/sharma/assets/images/logo/logo.png]
[htmldemo.net/sharma/sharma/assets/images/product-image/1.jpg]
[htmldemo.net/sharma/sharma/assets/images/product-image/2.jpg]
[htmldemo.net/sharma/sharma/assets/images/product-image/3.jpg]
[htmldemo.net/sharma/sharma/assets/images/menu-image/banner-menu1.jpg]
[htmldemo.net/sharma/sharma/assets/images/banner-image/10.jpg]
[htmldemo.net/sharma/sharma/assets/images/product-image/9.jpg]
[htmldemo.net/sharma/sharma/assets/images/product-image/12.jpg]
[htmldemo.net/sharma/sharma/assets/images/product-image/7.jpg]
[htmldemo.net/sharma/sharma/assets/images/product-image/10.jpg]
[htmldemo.net/sharma/sharma/assets/images/product-image/11.jpg]
[htmldemo.net/sharma/sharma/assets/images/product-image/16.jpg]
[htmldemo.net/sharma/sharma/assets/images/product-image/14.jpg]
[htmldemo.net/sharma/sharma/assets/images/product-image/13.jpg]
[htmldemo.net/sharma/sharma/assets/images/product-image/17.jpg]
[htmldemo.net/sharma/sharma/assets/images/product-image/6.jpg]
[htmldemo.net/sharma/sharma/assets/images/product-image/4.jpg]
[htmldemo.net/sharma/sharma/assets/images/product-image/18.jpg]
[htmldemo.net/sharma/sharma/assets/images/testimonial-image/1.png]
[htmldemo.net/sharma/sharma/assets/images/testimonial-image/2.png]
[htmldemo.net/sharma/sharma/assets/images/testimonial-image/3.png]
[htmldemo.net/sharma/sharma/assets/images/product-image/5.jpg]
[htmldemo.net/sharma/sharma/assets/images/product-image/8.jpg]
[htmldemo.net/sharma/sharma/assets/images/banner-image/11.jpg]
[htmldemo.net/sharma/sharma/assets/images/banner-image/12.jpg]
[htmldemo.net/sharma/sharma/assets/images/product-image/15.jpg]
[htmldemo.net/sharma/sharma/assets/images/banner-image/13.jpg]
[htmldemo.net/sharma/sharma/assets/images/banner-image/14.jpg]
[htmldemo.net/sharma/sharma/assets/images/blog-image/1.jpg]
[htmldemo.net/sharma/sharma/assets/images/blog-image/2.jpg]
[htmldemo.net/sharma/sharma/assets/images/blog-image/3.jpg]
[htmldemo.net/sharma/sharma/assets/images/blog-image/4.jpg]
[htmldemo.net/sharma/sharma/assets/images/blog-image/5.jpg]
[htmldemo.net/sharma/sharma/assets/images/brand-logo/1.png]
[htmldemo.net/sharma/sharma/assets/images/brand-logo/2.png]
[htmldemo.net/sharma/sharma/assets/images/brand-logo/3.png]
[htmldemo.net/sharma/sharma/assets/images/brand-logo/4.png]
[htmldemo.net/sharma/sharma/assets/images/brand-logo/5.png]
[htmldemo.net/sharma/sharma/assets/images/brand-logo/6.png]
[htmldemo.net/sharma/sharma/assets/images/icons/payment.png]
[htmldemo.net/sharma/sharma/assets/images/product-image/19.jpg]
[htmldemo.net/sharma/sharma/assets/js/vendor/jquery-3.6.0.min.js]
[htmldemo.net/sharma/sharma/assets/js/vendor/bootstrap.bundle.min.js]
[htmldemo.net/sharma/sharma/assets/js/vendor/jquery-migrate-3.3.2.min.js]
[htmldemo.net/sharma/sharma/assets/js/vendor/modernizr-3.11.2.min.js]
[htmldemo.net/sharma/sharma/assets/js/plugins/jquery-ui.min.js]
[htmldemo.net/sharma/sharma/assets/js/plugins/slick.js]
[htmldemo.net/sharma/sharma/assets/js/plugins/countdown.js]
[htmldemo.net/sharma/sharma/assets/js/plugins/scrollup.js]
[htmldemo.net/sharma/sharma/assets/js/plugins/elevateZoom.js]
[htmldemo.net/sharma/sharma/index-3.html]
[htmldemo.net/sharma/sharma/Replace_with_your_PAGE_URL.html]
[htmldemo.net/sharma/sharma/assets/css/vendor/bootstrap.min.css]
[htmldemo.net/sharma/sharma/assets/js/main.js]
[htmldemo.net/sharma/sharma/assets/fonts/ionicons28b5.ttf]
[htmldemo.net/sharma/sharma/assets/fonts/ionicons28b5.eot]
[htmldemo.net/sharma/sharma/assets/fonts/ionicons28b5.woff]
[htmldemo.net/sharma/sharma/assets/css/vendor/ionicons.min.css]
[htmldemo.net/sharma/sharma/assets/fonts/ionicons28b5.svg]
[htmldemo.net/sharma/sharma/assets/fonts/Linearicons-Free54e9.eot]
[htmldemo.net/sharma/sharma/assets/fonts/Linearicons-Freed41d.eot]
[htmldemo.net/sharma/sharma/assets/fonts/Linearicons-Free54e9.woff2]
[htmldemo.net/sharma/sharma/assets/fonts/Linearicons-Free54e9.woff]
[htmldemo.net/sharma/sharma/assets/fonts/Linearicons-Free54e9.ttf]
[htmldemo.net/sharma/sharma/assets/css/vendor/linearicon.css]
[htmldemo.net/sharma/sharma/assets/fonts/Linearicons-Free54e9.svg]
[htmldemo.net/sharma/sharma/assets/fonts/fa-brands-400.eot]
[htmldemo.net/sharma/sharma/assets/fonts/fa-brands-400d41d.eot]
[htmldemo.net/sharma/sharma/assets/fonts/fa-brands-400.woff2]
[htmldemo.net/sharma/sharma/assets/css/fonts/fa-brands-400.woff]
[htmldemo.net/sharma/sharma/assets/fonts/fa-brands-400.ttf]
[htmldemo.net/sharma/sharma/assets/fonts/fa-regular-400.eot]
[htmldemo.net/sharma/sharma/assets/fonts/fa-brands-400.svg]
[htmldemo.net/sharma/sharma/assets/fonts/fa-regular-400d41d.eot]
[htmldemo.net/sharma/sharma/assets/fonts/fa-regular-400.woff2]
[htmldemo.net/sharma/sharma/assets/css/fonts/fa-regular-400.woff]
[htmldemo.net/sharma/sharma/assets/fonts/fa-regular-400.ttf]
[htmldemo.net/sharma/sharma/assets/fonts/fa-regular-400.svg]
[htmldemo.net/sharma/sharma/assets/fonts/fa-solid-900.eot]
[htmldemo.net/sharma/sharma/assets/fonts/fa-solid-900d41d.eot]
[htmldemo.net/sharma/sharma/assets/fonts/fa-solid-900.woff2]
[htmldemo.net/sharma/sharma/assets/css/fonts/fa-solid-900.woff]
[htmldemo.net/sharma/sharma/assets/fonts/fa-solid-900.ttf]
[htmldemo.net/sharma/sharma/assets/css/vendor/font-awesome.min.css]
[htmldemo.net/sharma/sharma/assets/fonts/plaza-icondeee.eot]
[htmldemo.net/sharma/sharma/assets/fonts/plaza-icondeee.ttf]
[htmldemo.net/sharma/sharma/assets/fonts/fa-solid-900.svg]
[htmldemo.net/sharma/sharma/assets/fonts/plaza-icondeee.woff]
[htmldemo.net/sharma/sharma/assets/css/vendor/plaza-icon.css]
[htmldemo.net/sharma/sharma/assets/css/plugins/animate.css]
[htmldemo.net/sharma/sharma/assets/fonts/plaza-icondeee.svg]
[htmldemo.net/sharma/sharma/assets/css/plugins/images/ui-icons_444444_256x240.png]
[htmldemo.net/sharma/sharma/assets/css/plugins/images/ui-icons_555555_256x240.png]
[htmldemo.net/sharma/sharma/assets/css/plugins/images/ui-icons_ffffff_256x240.png]
[htmldemo.net/sharma/sharma/assets/css/plugins/images/ui-icons_777620_256x240.png]
[htmldemo.net/sharma/sharma/assets/css/plugins/images/ui-icons_cc0000_256x240.png]
[htmldemo.net/sharma/sharma/assets/css/plugins/images/ui-icons_777777_256x240.png]
[htmldemo.net/sharma/sharma/assets/css/plugins/jquery-ui.min.css]
[htmldemo.net/sharma/sharma/assets/css/plugins/slick.css]
[htmldemo.net/sharma/sharma/assets/images/icons/icon_header_phone.png]
[htmldemo.net/sharma/sharma/assets/images/icons/bkg_grid.png]
[htmldemo.net/sharma/sharma/assets/images/icons/bkg_grid_hover.png]
[htmldemo.net/sharma/sharma/assets/images/icons/bkg_grid4.png]
[htmldemo.net/sharma/sharma/assets/images/icons/bkg_grid4_hover.png]
[htmldemo.net/sharma/sharma/assets/images/icons/bkg_list.png]
[htmldemo.net/sharma/sharma/assets/images/icons/bkg_list_hover.png]
[htmldemo.net/sharma/sharma/assets/images/blog-image/bkg_date_blog.png]
[htmldemo.net/sharma/sharma/assets/images/testimonial-image/icon_ttm.png]
[htmldemo.net/sharma/sharma/assets/images/testimonial-image/icon_ttm-2.png]
[htmldemo.net/sharma/sharma/assets/images/subscrib-bg/bkg_newsletter.jpg]
[htmldemo.net/sharma/sharma/assets/images/subscrib-bg/bkg_newsletter1.jpg]
[htmldemo.net/sharma/sharma/assets/images/coming-soon-bg/coming-soon.jpg]
[htmldemo.net/sharma/sharma/assets/css/style.css]
[htmldemo.net/sharma/sharma/login.html]
[htmldemo.net/sharma/sharma/assets/images/icons/static-icons-1.png]
[htmldemo.net/sharma/sharma/assets/images/icons/static-icons-2.png]
[htmldemo.net/sharma/sharma/assets/images/icons/static-icons-3.png]
[htmldemo.net/sharma/sharma/assets/images/icons/static-icons-4.png]
[htmldemo.net/sharma/sharma/assets/images/banner-image/1.jpg]
[htmldemo.net/sharma/sharma/assets/images/banner-image/2.jpg]
[htmldemo.net/sharma/sharma/assets/images/banner-image/3.jpg]
[htmldemo.net/sharma/sharma/assets/images/banner-image/4.jpg]
[htmldemo.net/sharma/sharma/assets/images/banner-image/5.jpg]
[htmldemo.net/sharma/sharma/index.html]
[htmldemo.net/sharma/sharma/assets/images/banner-image/6.jpg]
[htmldemo.net/sharma/sharma/assets/images/banner-image/7.jpg]
[htmldemo.net/sharma/sharma/assets/images/icons/static-icons-5.png]
[htmldemo.net/sharma/sharma/assets/images/icons/static-icons-6.png]
[htmldemo.net/sharma/sharma/assets/images/icons/static-icons-7.png]
[htmldemo.net/sharma/sharma/assets/images/icons/static-icons-8.png]
[htmldemo.net/sharma/sharma/assets/images/banner-image/8.jpg]
[htmldemo.net/sharma/sharma/assets/images/banner-image/9.jpg]
[htmldemo.net/sharma/sharma/assets/images/category-image/1.jpg]
[htmldemo.net/sharma/sharma/assets/images/category-image/2.jpg]
[htmldemo.net/sharma/sharma/assets/images/category-image/3.jpg]
[htmldemo.net/sharma/sharma/assets/images/category-image/4.jpg]
[htmldemo.net/sharma/sharma/assets/images/category-image/5.jpg]
[htmldemo.net/sharma/sharma/assets/images/category-image/6.jpg]
[htmldemo.net/sharma/sharma/assets/images/category-image/7.jpg]
[htmldemo.net/sharma/sharma/assets/images/category-image/8.jpg]
[htmldemo.net/sharma/sharma/index-2.html]
[htmldemo.net/sharma/sharma/assets/images/banner-image/15.jpg]
[htmldemo.net/sharma/sharma/assets/images/banner-image/16.jpg]
[htmldemo.net/sharma/sharma/assets/images/banner-image/17.jpg]
[htmldemo.net/sharma/sharma/assets/images/banner-image/18.jpg]
[htmldemo.net/sharma/sharma/index-4.html]
[htmldemo.net/sharma/sharma/shop-3-column.html]
[htmldemo.net/sharma/sharma/shop-4-column.html]
[htmldemo.net/sharma/sharma/assets/images/banner-image/19.jpg]
[htmldemo.net/sharma/sharma/shop-left-sidebar.html]
[htmldemo.net/sharma/sharma/shop-right-sidebar.html]
[htmldemo.net/sharma/sharma/shop-list.html]
[htmldemo.net/sharma/sharma/shop-list-left-sidebar.html]
[htmldemo.net/sharma/sharma/shop-list-right-sidebar.html]
[htmldemo.net/sharma/sharma/assets/images/icons/policy.png]
[htmldemo.net/sharma/sharma/assets/images/icons/policy-2.png]
[htmldemo.net/sharma/sharma/assets/images/icons/policy-3.png]
[htmldemo.net/sharma/sharma/assets/images/review-image/1.png]
[htmldemo.net/sharma/sharma/assets/images/review-image/2.png]
[htmldemo.net/sharma/sharma/single-product.html]
[htmldemo.net/sharma/sharma/single-product-variable.html]
[htmldemo.net/sharma/sharma/single-product-affiliate.html]
[htmldemo.net/sharma/sharma/single-product-group.html]
[htmldemo.net/sharma/sharma/single-product-tabstyle-2.html]
[htmldemo.net/sharma/sharma/single-product-tabstyle-3.html]
[htmldemo.net/sharma/sharma/single-product-slider.html]
[htmldemo.net/sharma/sharma/single-product-gallery-left.html]
[htmldemo.net/sharma/sharma/single-product-gallery-right.html]
[htmldemo.net/sharma/sharma/single-product-sticky-left.html]
[htmldemo.net/sharma/sharma/single-product-sticky-right.html]
[htmldemo.net/sharma/sharma/assets/images/slider-image/sample-6.jpg]
[htmldemo.net/sharma/sharma/about.html]
[htmldemo.net/sharma/sharma/cart.html]
[htmldemo.net/sharma/sharma/checkout.html]
[htmldemo.net/sharma/sharma/compare.html]
[htmldemo.net/sharma/sharma/my-account.html]
[htmldemo.net/sharma/sharma/empty-cart.html]
[htmldemo.net/sharma/sharma/404.html]
[htmldemo.net/sharma/sharma/privacy-policy.html]
[htmldemo.net/sharma/sharma/faq.html]
[htmldemo.net/sharma/sharma/coming-soon.html]
[htmldemo.net/sharma/sharma/wishlist.html]
[htmldemo.net/sharma/sharma/blog-grid-left-sidebar.html]
[htmldemo.net/sharma/sharma/blog-grid-right-sidebar.html]
[htmldemo.net/sharma/sharma/blog-list-left-sidebar.html]
[htmldemo.net/sharma/sharma/blog-list-right-sidebar.html]
[htmldemo.net/sharma/sharma/blog-single-left-sidebar.html]
[htmldemo.net/sharma/sharma/blog-single-right-sidebar.html]
[htmldemo.net/sharma/sharma/contact.html]
[htmldemo.net/sharma/sharma/assets/fonts/ionicons28b5.svg]
[htmldemo.net/sharma/sharma/assets/fonts/Linearicons-Free54e9.svg]
[htmldemo.net/sharma/sharma/assets/css/fonts/fa-brands-400.html]
[htmldemo.net/sharma/sharma/assets/fonts/fa-brands-400.svg]
[htmldemo.net/sharma/sharma/assets/css/fonts/fa-regular-400.html]
[htmldemo.net/sharma/sharma/assets/fonts/fa-regular-400.svg]
[htmldemo.net/sharma/sharma/assets/css/fonts/fa-solid-900.html]
[htmldemo.net/sharma/sharma/assets/js/plugins/ripples.js]
[htmldemo.net/sharma/sharma/assets/fonts/fa-solid-900.svg]
[htmldemo.net/sharma/sharma/assets/fonts/plaza-icondeee.svg]
[htmldemo.net/sharma/sharma/assets/css/plugins/images/ui-icons_444444_256x240.html]
[htmldemo.net/sharma/sharma/assets/css/plugins/images/ui-icons_555555_256x240.html]
[htmldemo.net/sharma/sharma/assets/css/plugins/images/ui-icons_ffffff_256x240.html]
[htmldemo.net/sharma/sharma/assets/css/plugins/images/ui-icons_777620_256x240.html]
[htmldemo.net/sharma/sharma/assets/css/plugins/images/ui-icons_cc0000_256x240.html]
[htmldemo.net/sharma/sharma/assets/css/plugins/images/ui-icons_777777_256x240.html]
